[www.gardencreekvineyards.com/index.html]
[backblue.gif]
[fade.gif]
[index.html]
[s3.amazonaws.com/efcheckout/gardencreekvineyards/favicon-789412a6d.png]
[kit.fontawesome.com/a5b1b2cb79.js]
[s3.amazonaws.com/efcheckout/gardencreekvineyards/favicon-large-371732a6d.png]
[use.typekit.net/vgd1lyl.css]
[cloud.typography.com/630340/636848/css/fonts.css]
[www.gardencreekvineyards.com/resources/img/seal-gardencreek.png]
[www.gardencreekvineyards.com/vineyards/index.html]
[www.gardencreekvineyards.com/winemaking/index.html]
[www.gardencreekvineyards.com/resources/pdf/Garden-Creek-Vineyards-Map.pdf]
[www.gardencreekvineyards.com/story/index.html]
[www.gardencreekvineyards.com/wines/index.html]
[www.gardencreekvineyards.com/visit/index.html]
[www.gardencreekvineyards.com/signup/index.html]
[www.gardencreekvineyards.com/login/index.html]
[www.gardencreekvineyards.com/terms/index.html]
[www.gardencreekvineyards.com/pages/privacy.html]
[www.gardencreekvineyards.com/journal/index.html]
[www.gardencreekvineyards.com/resources/img/karin-justin.jpg]
[www.gardencreekvineyards.com/resources/js/moment.js]
[www.gardencreekvineyards.com/privacy/index.html]
[www.gardencreekvineyards.com/resources/js/javascript9661.js]
[s3.amazonaws.com/securecheckout/global/js/payment-form-no-zip.stbf8e.js]
[www.gardencreekvineyards.com/index.html]
[offsetpartners.s3.amazonaws.com/images/loader-light.gif]
[www.gardencreekvineyards.com/resources/img/home1.jpg]
[www.gardencreekvineyards.com/resources/img/logo-gardencreek-black.png]
[www.gardencreekvineyards.com/resources/img/logo-gardencreek-white.png]
[www.gardencreekvineyards.com/resources/css/stylesheetd7dc.css]
[use.typekit.net/af/af96c8/00000000000000003b9aefc0/27/le196]
[use.typekit.net/af/af96c8/00000000000000003b9aefc0/27/de196]
[use.typekit.net/af/af96c8/00000000000000003b9aefc0/27/ae196]
[use.typekit.net/af/7f382d/00000000000000003b9aefbc/27/l3eab]
[use.typekit.net/af/7f382d/00000000000000003b9aefbc/27/d3eab]
[use.typekit.net/vgd1lyl.css]
[cloud.typography.com/630340/636848/css/fonts.css]
[use.typekit.net/af/7f382d/00000000000000003b9aefbc/27/a3eab]
[www.gardencreekvineyards.com/resources/img/story1.jpg]
[www.gardencreekvineyards.com/resources/img/story2.jpg]
[www.gardencreekvineyards.com/resources/img/story3.jpg]
[www.gardencreekvineyards.com/resources/img/story4.jpg]
[www.gardencreekvineyards.com/resources/img/story5.jpg]
[www.gardencreekvineyards.com/resources/img/story6.jpg]
[www.gardencreekvineyards.com/resources/img/story7.jpg]
[www.gardencreekvineyards.com/resources/img/story8.jpg]
[www.gardencreekvineyards.com/resources/img/story9.jpg]
[www.gardencreekvineyards.com/resources/img/story10.jpg]
[www.gardencreekvineyards.com/resources/img/story12.jpg]
[www.gardencreekvineyards.com/resources/img/story11.jpg]
[www.gardencreekvineyards.com/resources/img/story13.jpg]
[www.gardencreekvineyards.com/story/index.html]
[www.gardencreekvineyards.com/resources/img/alexander-valley.jpg]
[www.gardencreekvineyards.com/resources/img/vineyards2.jpg]
[www.gardencreekvineyards.com/resources/img/vineyards3.jpg]
[www.gardencreekvineyards.com/resources/img/vineyards4.jpg]
[www.gardencreekvineyards.com/resources/img/vineyards5.jpg]
[www.gardencreekvineyards.com/resources/img/vineyards6.jpg]
[www.gardencreekvineyards.com/resources/img/vineyards7.jpg]
[www.gardencreekvineyards.com/resources/img/vineyards8.jpg]
[www.gardencreekvineyards.com/vineyards/index.html]
[www.gardencreekvineyards.com/resources/img/winemaking1.jpg]
[www.gardencreekvineyards.com/resources/img/winemaking2.jpg]
[www.gardencreekvineyards.com/resources/img/winemaking3.jpg]
[www.gardencreekvineyards.com/resources/img/winemaking4.jpg]
[www.gardencreekvineyards.com/resources/img/winemaking5.jpg]
[www.gardencreekvineyards.com/resources/img/winemaking6.jpg]
[www.gardencreekvineyards.com/resources/img/winemaking7.jpg]
[www.gardencreekvineyards.com/resources/img/winemaking8.jpg]
[www.gardencreekvineyards.com/resources/img/winemaking9.jpg]
[www.gardencreekvineyards.com/resources/img/winemaking10.jpg]
[www.gardencreekvineyards.com/resources/img/winemaking11.jpg]
[www.gardencreekvineyards.com/winemaking/index.html]
[www.gardencreekvineyards.com/resources/img/wine2.jpg]
[www.gardencreekvineyards.com/resources/img/wine3.jpg]
[www.gardencreekvineyards.com/resources/img/wine4.jpg]
[www.gardencreekvineyards.com/resources/img/wine5.jpg]
[www.gardencreekvineyards.com/wines/index.html]
[www.gardencreekvineyards.com/resources/img/wine6.jpg]
[www.gardencreekvineyards.com/visit/index.html]
[www.google.com/recaptcha/api.js]
[www.gardencreekvineyards.com/signup/index.html]
[www.gardencreekvineyards.com/login/index.html]
[www.gardencreekvineyards.com/password/forgot/index.html]
[www.gardencreekvineyards.com/journal/an-unforgettable-harvest.html]
[s3.amazonaws.com/efcheckout/gardencreekvineyards/content_news/Garden Creek Vineyards-1-4587.jpg]
[www.gardencreekvineyards.com/journal/living-collectively.html]
[s3.amazonaws.com/efcheckout/gardencreekvineyards/content_news/Garden Creek Vineyards-1-4564.jpg]
[www.gardencreekvineyards.com/journal/the-arrival-of-spring.html]
[s3.amazonaws.com/efcheckout/gardencreekvineyards/content_news/Garden Creek Vineyards-1-2059.jpeg]
[www.gardencreekvineyards.com/journal/the-powers-that-be.html]
[s3.amazonaws.com/efcheckout/gardencreekvineyards/content_news/Garden Creek Vineyards-1-2178.jpg]
[www.gardencreekvineyards.com/journal/when-time-stands-still.html]
[s3.amazonaws.com/efcheckout/gardencreekvineyards/content_news/Garden Creek Vineyards-1-1868.jpg]
[www.gardencreekvineyards.com/journal/twenty-years-deep.html]
[s3.amazonaws.com/efcheckout/gardencreekvineyards/content_news/Garden Creek Vineyards-1-1648.jpg]
[www.gardencreekvineyards.com/journal/the-vertex-of-winegrowing.html]
[s3.amazonaws.com/efcheckout/gardencreekvineyards/content_news/Garden Creek Vineyards-1-1611.jpeg]
[www.gardencreekvineyards.com/journal/decades-of-loyalty.html]
[s3.amazonaws.com/efcheckout/gardencreekvineyards/content_news/Garden Creek Vineyards-1-1509.jpg]
[www.gardencreekvineyards.com/journal/-.html]
[s3.amazonaws.com/efcheckout/gardencreekvineyards/content_news/1275-1-716362.jpg]
[www.gardencreekvineyards.com/journal/20180303-place-or-commonplace.html]
[s3.amazonaws.com/efcheckout/gardencreekvineyards/content_news/Garden Creek Vineyards-1-697.jpg]
[www.gardencreekvineyards.com/journal/in-the-moment.html]
[www.gardencreekvineyards.com/journal/index.html]
[www.gardencreekvineyards.com/terms/index.html]
[www.gardencreekvineyards.com/pages/privacy.html]
[www.gardencreekvineyards.com/privacy/index.html]
[www.gardencreekvineyards.com/resources/img/download.svg]
[p.typekit.net/pff60.css]
[www.gardencreekvineyards.com/resources/css/stylesheetbaa3.css]
[www.gardencreekvineyards.com/password/forgot/index.html]
[www.gardencreekvineyards.com/journal/an-unforgettable-harvest.html]
[www.gardencreekvineyards.com/journal/living-collectively.html]
[www.gardencreekvineyards.com/journal/the-arrival-of-spring.html]
[www.gardencreekvineyards.com/journal/the-powers-that-be.html]
[www.gardencreekvineyards.com/journal/when-time-stands-still.html]
[www.gardencreekvineyards.com/journal/twenty-years-deep.html]
[www.gardencreekvineyards.com/journal/the-vertex-of-winegrowing.html]
[www.gardencreekvineyards.com/journal/decades-of-loyalty.html]
[www.gardencreekvineyards.com/journal/-.html]
[www.gardencreekvineyards.com/journal/20180303-place-or-commonplace.html]
[www.gardencreekvineyards.com/journal/in-the-moment.html]
